error: use of deprecated function `_::warning`: `yield` expressions in macros are not expanded by fauxgen
  --> tests/ui/nightly/fail-yield-in-macro-stmt.rs:10:12
   |
10 |     delay!(yield);
   |            ^^^^^
   |
note: the lint level is defined here
  --> tests/ui/nightly/fail-yield-in-macro-stmt.rs:2:9
   |
2  | #![deny(deprecated)]
   |         ^^^^^^^^^^
